
> Task :generateJte FAILED
./gradlew : Failed to generate templates.
위치 줄:1 문자:1
+ ./gradlew test > test_report.txt 2>&1
+ ~~~~~~~~~~~~~~~~~~~~~~~~~~~~~~~~~~~~~
    + CategoryInfo          : NotSpecified: (Failed to generate templat 
   es.:String) [], RemoteException
    + FullyQualifiedErrorId : NativeCommandError
 
gg.jte.TemplateException: Failed to compile fragments/sticky_bar.jte, er
ror at line 15: Illegal HTML attribute name @if(isOob)! @if expressions 
in HTML attribute names are not allowed. In case you're trying to optimi
ze the generated output, smart attributes will do just that: https://jte
.gg/html-rendering/#smart-attributes
	at gg.jte.compiler.java.JavaCodeGenerator.onError(JavaCodeGenerator.jav
a:228)
	at gg.jte.compiler.TemplateParser.parse(TemplateParser.java:87)
	at gg.jte.compiler.TemplateParser.parse(TemplateParser.java:80)
	at gg.jte.compiler.TemplateCompiler.generateTemplateCall(TemplateCompil
er.java:265)
	at gg.jte.compiler.TemplateCompiler.generateTemplateCall(TemplateCompil
er.java:235)
	at gg.jte.compiler.java.JavaCodeGenerator.onTemplateCall(JavaCodeGenera
tor.java:425)
	at gg.jte.compiler.TemplateParser.lambda$doParse$3(TemplateParser.java:
251)
	at gg.jte.compiler.TemplateParser.extract(TemplateParser.java:967)
	at gg.jte.compiler.TemplateParser.doParse(TemplateParser.java:251)
	at gg.jte.compiler.TemplateParser.parse(TemplateParser.java:85)
	at gg.jte.compiler.TemplateParser.parse(TemplateParser.java:80)
	at gg.jte.compiler.TemplateCompiler.generateTemplateCall(TemplateCompil
er.java:265)
	at gg.jte.compiler.TemplateCompiler.generate(TemplateCompiler.java:169)
	at gg.jte.compiler.TemplateCompiler.generateAll(TemplateCompiler.java:8
3)
	at gg.jte.TemplateEngine.generateAll(TemplateEngine.java:306)
	at gg.jte.gradle.GenerateJteWorker.execute(GenerateJteWorker.java:43)
	at org.gradle.workers.internal.DefaultWorkerServer.execute(DefaultWorke
rServer.java:63)
	at org.gradle.workers.internal.AbstractClassLoaderWorker$1.create(Abstr
actClassLoaderWorker.java:54)
	at org.gradle.workers.internal.AbstractClassLoaderWorker$1.create(Abstr
actClassLoaderWorker.java:48)
	at org.gradle.internal.classloader.ClassLoaderUtils.executeInClassloade
r(ClassLoaderUtils.java:100)
	at org.gradle.workers.internal.AbstractClassLoaderWorker.executeInClass
Loader(AbstractClassLoaderWorker.java:48)
	at org.gradle.workers.internal.IsolatedClassloaderWorker.run(IsolatedCl
assloaderWorker.java:49)
	at org.gradle.workers.internal.IsolatedClassloaderWorker.run(IsolatedCl
assloaderWorker.java:30)
	at org.gradle.workers.internal.IsolatedClassloaderWorkerFactory$1.lambd
a$execute$0(IsolatedClassloaderWorkerFactory.java:60)
	at org.gradle.workers.internal.AbstractWorker$1.call(AbstractWorker.jav
a:44)
	at org.gradle.workers.internal.AbstractWorker$1.call(AbstractWorker.jav
a:41)
	at org.gradle.internal.operations.DefaultBuildOperationRunner$CallableB
uildOperationWorker.execute(DefaultBuildOperationRunner.java:210)
	at org.gradle.internal.operations.DefaultBuildOperationRunner$CallableB
uildOperationWorker.execute(DefaultBuildOperationRunner.java:205)
	at org.gradle.internal.operations.DefaultBuildOperationRunner$2.execute
(DefaultBuildOperationRunner.java:67)
	at org.gradle.internal.operations.DefaultBuildOperationRunner$2.execute
(DefaultBuildOperationRunner.java:60)
	at org.gradle.internal.operations.DefaultBuildOperationRunner.execute(D
efaultBuildOperationRunner.java:167)
	at org.gradle.internal.operations.DefaultBuildOperationRunner.execute(D
efaultBuildOperationRunner.java:60)
	at org.gradle.internal.operations.DefaultBuildOperationRunner.call(Defa
ultBuildOperationRunner.java:54)
	at org.gradle.workers.internal.AbstractWorker.executeWrappedInBuildOper
ation(AbstractWorker.java:41)
	at org.gradle.workers.internal.IsolatedClassloaderWorkerFactory$1.execu
te(IsolatedClassloaderWorkerFactory.java:52)
	at org.gradle.workers.internal.DefaultWorkerExecutor.lambda$submitWork$
0(DefaultWorkerExecutor.java:174)
	at org.gradle.internal.work.DefaultConditionalExecutionQueue$ExecutionR
unner.runExecution(DefaultConditionalExecutionQueue.java:194)
	at org.gradle.internal.work.DefaultConditionalExecutionQueue$ExecutionR
unner.access$700(DefaultConditionalExecutionQueue.java:127)
	at org.gradle.internal.work.DefaultConditionalExecutionQueue$ExecutionR
unner$1.run(DefaultConditionalExecutionQueue.java:169)
	at org.gradle.internal.Factories$1.create(Factories.java:31)
	at org.gradle.internal.work.DefaultWorkerLeaseService.withLocks(Default
WorkerLeaseService.java:263)
	at org.gradle.internal.work.DefaultWorkerLeaseService.runAsWorkerThread
(DefaultWorkerLeaseService.java:127)
	at org.gradle.internal.work.DefaultWorkerLeaseService.runAsWorkerThread
(DefaultWorkerLeaseService.java:132)
	at org.gradle.internal.work.DefaultConditionalExecutionQueue$ExecutionR
unner.runBatch(DefaultConditionalExecutionQueue.java:164)
	at org.gradle.internal.work.DefaultConditionalExecutionQueue$ExecutionR
unner.run(DefaultConditionalExecutionQueue.java:133)
	at org.gradle.internal.concurrent.ExecutorPolicy$CatchAndRecordFailures
.onExecute(ExecutorPolicy.java:64)
	at org.gradle.internal.concurrent.AbstractManagedExecutor$1.run(Abstrac
tManagedExecutor.java:48)

[Incubating] Problems report is available at: file:///C:/Development/Owner/CarMoneyPit/build/reports/problems/problems-report.html

FAILURE: Build failed with an exception.

* What went wrong:
Execution failed for task ':generateJte'.
> There was a failure while executing work items
   > A failure occurred while executing gg.jte.gradle.GenerateJteWorker
      > Failed to compile fragments/sticky_bar.jte, error at line 15: Il
legal HTML attribute name @if(isOob)! @if expressions in HTML attribute 
names are not allowed. In case you're trying to optimize the generated o
utput, smart attributes will do just that: https://jte.gg/html-rendering
/#smart-attributes

* Try:
> Run with --stacktrace option to get the stack trace.
> Run with --info or --debug option to get more log output.
> Run with --scan to get full insights.
> Get more help at https://help.gradle.org.

Deprecated Gradle features were used in this build, making it incompatible with Gradle 9.0.

You can use '--warning-mode all' to show the individual deprecation warnings and determine if they come from your own scripts or plugins.

For more on this, please refer to https://docs.gradle.org/8.14.3/userguide/command_line_interface.html#sec:command_line_warnings in the Gradle documentation.

BUILD FAILED in 1s
1 actionable task: 1 executed
